// Jest Snapshot v1, https://goo.gl/fbAQLP

exports[`<NewMovie/> 1`] = `
<h1>
  New Movie
</h1>
`;
